../Core/Src/main.c:82:5:main	8	static
../Core/Src/main.c:151:6:SystemClock_Config	88	static
../Core/Src/main.c:198:13:MX_TIM1_Init	96	static
../Core/Src/main.c:273:13:MX_TIM2_Init	48	static
../Core/Src/main.c:331:13:MX_USART2_UART_Init	8	static
../Core/Src/main.c:362:13:MX_DMA_Init	16	static
../Core/Src/main.c:380:13:MX_GPIO_Init	48	static
../Core/Src/main.c:415:7:IC_Calc_Period	32	static
../Core/Src/main.c:448:5:setRPM	16	static
../Core/Src/main.c:468:6:Error_Handler	4	static,ignoring_inline_asm
